<html>
<body>
<pre>
<h1>µVision Build Log</h1>
<h2>Tool Versions:</h2>
IDE-Version: ¦ÌVision V5.38.0.0
Copyright (C) 2022 ARM Ltd and ARM Germany GmbH. All rights reserved.
License Information: z CY, aa, LIC=03C6R-KVUTQ-12GLE-52WGC-E9BMV-K6G1D
 
Tool Versions:
Toolchain:       MDK-ARM Plus  Version: 5.38.0.0
Toolchain Path:  D:\keil5\ARM\ARMCLANG\Bin
C Compiler:      ArmClang.exe V6.19
Assembler:       Armasm.exe V6.19
Linker/Locator:  ArmLink.exe V6.19
Library Manager: ArmAr.exe V6.19
Hex Converter:   FromElf.exe V6.19
CPU DLL:         SARMCM3.DLL V5.38.0.0
Dialog DLL:      DCM.DLL V1.17.5.0
Target DLL:      CMSIS_AGDI.dll V1.33.15.0
Dialog DLL:      TCM.DLL V1.56.4.0
 
<h2>Project:</h2>
d:\Desktop\DEBUG_SmartCar_main\DEBUG_SmartCar_main\project\mdk\DEBUG_SmartCar_main.uvprojx
Project File Date:  12/07/2023

<h2>Output:</h2>
*** Using Compiler 'V6.19', folder: 'D:\keil5\ARM\ARMCLANG\Bin'
Build target 'DEBUG_SmartCar_main'
compiling Image.c...
linking...
Program Size: Code=83744 RO-data=16448 RW-data=372 ZI-data=62596  
".\Objects\DEBUG_SmartCar_main.axf" - 0 Error(s), 0 Warning(s).

<h2>Software Packages used:</h2>

Package Vendor: NXP
                https://mcuxpresso.nxp.com/cmsis_pack/repo/NXP.MIMXRT1064_DFP.17.0.0.pack
                NXP.MIMXRT1064_DFP.17.0.0
                Device Family Pack for MIMXRT1064

<h2>Collection of Component include folders:</h2>
  C:/Users/CY/AppData/Local/Arm/Packs/NXP/MIMXRT1064_DFP/17.0.0/devices/MIMXRT1064

<h2>Collection of Component Files used:</h2>
Build Time Elapsed:  00:00:02
</pre>
</body>
</html>
