<html>
<body>
<pre>
<h1>µVision Build Log</h1>
<h2>Tool Versions:</h2>
IDE-Version: ¦ÌVision V5.37.0.0
Copyright (C) 2022 ARM Ltd and ARM Germany GmbH. All rights reserved.
License Information: 1 Zwb, 2, LIC=LSNXV-P89MB-JJ16S-LW33U-LS24Y-7ZYVQ
 
Tool Versions:
Toolchain:       MDK-ARM Plus  Version: 5.37.0.0
Toolchain Path:  D:\Keil_v5\ARM\ARMCLANG\Bin
C Compiler:      ArmClang.exe V6.18
Assembler:       Armasm.exe V6.18
Linker/Locator:  ArmLink.exe V6.18
Library Manager: ArmAr.exe V6.18
Hex Converter:   FromElf.exe V6.18
CPU DLL:         SARMCM3.DLL V5.37.0.0
Dialog DLL:      DCM.DLL V1.17.5.0
Target DLL:      CMSIS_AGDI.dll V1.33.12.0
Dialog DLL:      TCM.DLL V1.56.1.0
 
<h2>Project:</h2>
d:\Desktop\DEBUG_SmartCar_main\DEBUG_SmartCar_main\project\mdk\DEBUG_SmartCar_main.uvprojx
Project File Date:  05/03/2024

<h2>Output:</h2>
*** Using Compiler 'V6.18', folder: 'D:\Keil_v5\ARM\ARMCLANG\Bin'
Build target 'DEBUG_SmartCar_main'
compiling My_FSM.c...
linking...
Program Size: Code=121784 RO-data=17016 RW-data=864 ZI-data=74064  
".\Objects\DEBUG_SmartCar_main.axf" - 0 Error(s), 0 Warning(s).

<h2>Software Packages used:</h2>

Package Vendor: NXP
                https://mcuxpresso.nxp.com/cmsis_pack/repo/NXP.MIMXRT1064_DFP.18.0.0.pack
                NXP.MIMXRT1064_DFP.18.0.0
                Device Family Pack for MIMXRT1064

<h2>Collection of Component include folders:</h2>
  D:/Arm/Packs/NXP/MIMXRT1064_DFP/18.0.0/devices/MIMXRT1064

<h2>Collection of Component Files used:</h2>
Build Time Elapsed:  00:00:03
</pre>
</body>
</html>
